exports[`test should render <RightNav /> correctly 1`] = `
<div
  className="recent-searches">
  <div
    className="title">
    RECENT SEARCHES
  </div>
  <div>
    <a
      onClick={[Function]}
      style={Object {}}>
      <div
        className="recent-search"
        onClick={[Function]}>
        Sun
      </div>
    </a>
    <a
      onClick={[Function]}
      style={Object {}}>
      <div
        className="recent-search"
        onClick={[Function]}>
        Moon
      </div>
    </a>
    <a
      onClick={[Function]}
      style={Object {}}>
      <div
        className="recent-search"
        onClick={[Function]}>
        Earth
      </div>
    </a>
  </div>
</div>
`;
