exports[`test should render <RightNav /> correctly 1`] = `
<div
  className="recent-searches">
  <div
    className="title">
    RECENT SEARCHES
  </div>
  <div>
    <div
      className="recent-search">
      Sun
    </div>
    <div
      className="recent-search">
      Moon
    </div>
    <div
      className="recent-search">
      Earth
    </div>
  </div>
</div>
`;
